<div>Hello world! first vite project come on!</div>