// Vitest Snapshot v1, https://vitest.dev/guide/snapshot.html

exports[`snapshot > 对象的比对, 可以防止误改代码操作 1`] = `
{
  "age": 10,
  "name": "bridge",
}
`;

exports[`snapshot > 组件 1`] = `"<div>Hello world! first vite project come on!</div>"`;
